[
  [
    "Month",
    "Site",
    "Cat lv1",
    "Subcat lv2",
    "Subcat lv3",
    "Subcat lv4",
    "Attribute 1",
    "Attribute 2",
    "Attribute 3",
    "Attribute 4",
    "No. of SKU",
    "Budgeted Rev",
    "Forecast Sale",
    "Actual Sale",
    "% Forecast Error"
  ],
  [
    "Tháng",
    "Mã kho",
    "Mã danh mục cấp 1",
    "Mã danh mục cấp 2",
    "Mã danh mục cấp 3",
    "Mã danh mục cấp 4",
    "Mã thuộc tính thứ nhất",
    "Mã thuộc tính thứ hai",
    "Mã thuộc tính thứ ba",
    "Mã thuộc tính thứ tư",
    "Tổng số sku có trong nhóm",
    "Tổng ngân sách của nhóm trong tháng ",
    "Doanh thu dự kiến của nhóm trong tháng",
    "Doanh thu thực tế của nhóm trong tháng",
    "Phần trăm sai lệch giữa doanh thu thực tế / doanh thu dự kiến"
  ],
  [
    "",
    "",
    "Cate1",
    "",
    "",
    "",
    "attr 1",
    "attr 2",
    "attr 3",
    "attr 4"
  ],
  [
    "06/2023",
    "site 1",
    "Cate1",
    "",
    "",
    "",
    "Attribute Option 1",
    "Attribute Option 2",
    "Attribute Option 3",
    "Attribute Option 4",
    "9",
    "1.6",
    "",
    "3.8"
  ]
]