[
  [
    "Type",
    "Site",
    "Categories",
    "05/2021",
    "06/2021",
    "07/2021",
    "08/2021",
    "09/2021",
    "10/2021",
    "11/2021",
    "12/2021",
    "01/2022",
    "02/2022",
    "03/2022",
    "04/2022",
    "05/2022",
    "06/2022",
    "07/2022",
    "08/2022",
    "09/2022",
    "10/2022",
    "11/2022",
    "12/2022",
    "01/2023",
    "02/2023"
  ],
  [
    "",
    "site code",
    "category code",
    "Budget",
    "Budget",
    "Budget",
    "Budget",
    "Budget",
    "Budget",
    "Budget",
    "Budget",
    "Budget",
    "Budget",
    "Budget",
    "Budget",
    "Budget",
    "Budget",
    "Budget",
    "Budget",
    "Budget",
    "Budget",
    "Budget",
    "Budget",
    "Budget",
    "Budget"
  ],
  [
    "Net Revenues",
    "site 1",
    "category code 1",
    "",
    "10010100.123",
    "",
    "",
    "",
    "",
    "",
    "",
    "",
    "200200200",
    "",
    "",
    "",
    "",
    "",
    "",
    "",
    "",
    "",
    "",
    "500.2002"
  ]
]